PARCOACH: tests/MPI/basic/src/CIVL_BcastReduce_bad.c: warning: MPI_Reduce line 20 possibly not called by all processes because of conditional(s) line(s)  19 (tests/MPI/basic/src/CIVL_BcastReduce_bad.c) (full-inter)
PARCOACH: tests/MPI/basic/src/CIVL_BcastReduce_bad.c: warning: MPI_Bcast line 22 possibly not called by all processes because of conditional(s) line(s)  19 (tests/MPI/basic/src/CIVL_BcastReduce_bad.c) (full-inter)
PARCOACH: tests/MPI/basic/src/CIVL_BcastReduce_bad.c: warning: MPI_Bcast line 26 possibly not called by all processes because of conditional(s) line(s)  25 (tests/MPI/basic/src/CIVL_BcastReduce_bad.c) (full-inter)
PARCOACH: tests/MPI/basic/src/CIVL_BcastReduce_bad.c: warning: MPI_Reduce line 28 possibly not called by all processes because of conditional(s) line(s)  25 (tests/MPI/basic/src/CIVL_BcastReduce_bad.c) (full-inter)
PARCOACH: tests/MPI/basic/src/CIVL_BcastReduce_bad.c: warning: MPI_Finalize line 30 possibly not called by all processes because of conditional(s) line(s)  29 (tests/MPI/basic/src/CIVL_BcastReduce_bad.c) (full-inter)
