PARCOACH: tests/MPI/basic/src/loop_barrier2.c: warning: MPI_Barrier line 20 possibly not called by all processes because of conditional(s) line(s)  18 (tests/MPI/basic/src/loop_barrier2.c) (full-inter)
PARCOACH: tests/MPI/basic/src/loop_barrier2.c: warning: MPI_Barrier line 26 possibly not called by all processes because of conditional(s) line(s)  18 (tests/MPI/basic/src/loop_barrier2.c) (full-inter)
