PARCOACH: tests/MPI/basic/src/loop_exit2.c: warning: MPI_Finalize line 22 possibly not called by all processes because of conditional(s) line(s)  20 (tests/MPI/basic/src/loop_exit2.c) 21 (tests/MPI/basic/src/loop_exit2.c) (full-inter)
PARCOACH: tests/MPI/basic/src/loop_exit2.c: warning: MPI_Barrier line 28 possibly not called by all processes because of conditional(s) line(s)  20 (tests/MPI/basic/src/loop_exit2.c) 21 (tests/MPI/basic/src/loop_exit2.c) (full-inter)
PARCOACH: tests/MPI/basic/src/loop_exit2.c: warning: MPI_Finalize line 30 possibly not called by all processes because of conditional(s) line(s)  20 (tests/MPI/basic/src/loop_exit2.c) 21 (tests/MPI/basic/src/loop_exit2.c) (full-inter)
