PARCOACH: tests/MPI/basic/src/not_verifiable.c: warning: MPI_Barrier line 19 possibly not called by all processes because of conditional(s) line(s)  18 (tests/MPI/basic/src/not_verifiable.c) (Call Ordering Error)
PARCOACH: tests/MPI/basic/src/not_verifiable.c: warning: MPI_Barrier line 22 possibly not called by all processes because of conditional(s) line(s)  21 (tests/MPI/basic/src/not_verifiable.c) (Call Ordering Error)
