PARCOACH: tests/MPI/CIVL_barrierReduce.c: warning: MPI_Barrier line 21 possibly not called by all processes because of conditional(s) line(s)  19 (tests/MPI/CIVL_barrierReduce.c) (full-inter)
PARCOACH: tests/MPI/CIVL_barrierReduce.c: warning: MPI_Reduce line 23 possibly not called by all processes because of conditional(s) line(s)  19 (tests/MPI/CIVL_barrierReduce.c) (full-inter)
PARCOACH: tests/MPI/CIVL_barrierReduce.c: warning: MPI_Reduce line 25 possibly not called by all processes because of conditional(s) line(s)  19 (tests/MPI/CIVL_barrierReduce.c) (full-inter)
PARCOACH: tests/MPI/CIVL_barrierReduce.c: warning: MPI_Barrier line 27 possibly not called by all processes because of conditional(s) line(s)  19 (tests/MPI/CIVL_barrierReduce.c) (full-inter)
