PARCOACH: tests/MPI/not_verifiable.c: warning: MPI_Barrier line 20 possibly not called by all processes because of conditional(s) line(s)  19 (tests/MPI/not_verifiable.c) (full-inter)
PARCOACH: tests/MPI/not_verifiable.c: warning: MPI_Barrier line 23 possibly not called by all processes because of conditional(s) line(s)  22 (tests/MPI/not_verifiable.c) (full-inter)
