PARCOACH: tests/MPI/basic/loop_barrier.c: warning: MPI_Barrier line 21 possibly not called by all processes because of conditional(s) line(s)  19 (tests/MPI/basic/loop_barrier.c) 20 (tests/MPI/basic/loop_barrier.c) (full-inter)
PARCOACH: tests/MPI/basic/loop_barrier.c: warning: MPI_Barrier line 26 possibly not called by all processes because of conditional(s) line(s)  19 (tests/MPI/basic/loop_barrier.c) 25 (tests/MPI/basic/loop_barrier.c) (full-inter)
