PARCOACH DYNAMIC-CHECK : Error detected on rank 0
PARCOACH DYNAMIC-CHECK : see warnings about conditionals line MPI_Scatter line 17 possibly not called by all processes because of conditional(s) line(s)  16 (tests/MPI/basic/src/Aislinn_invalid_order.c) (full-inter)
PARCOACH DYNAMIC-CHECK : Abort is invoking line 17 before calling MPI_Scatter in tests/MPI/basic/src/Aislinn_invalid_order.c
